{
  "RequestName": null,
  "Headers": {},
  "RelativePath": "face/v1.0/detect?recognitionModel=recognition_01&detectionModel=detection_01&returnFaceAttributes=age,gender",
  "Queries": null,
  "HttpMethod": "POST",
  "Body": "{\"url\":\"http://test.url\"}",
  "BinaryContent": null,
  "ContentType": "application/json",
  "ExpectedHtppCode": 200,
  "TokenHeaderName": "Ocp-Apim-Subscription-Key",
  "Cost": {
    "ServiceName": "FaceApi",
    "Cost": 2.0,
    "Unit": "tr"
  },
  "CognitiveServiceDoc": "https://westus.dev.cognitive.microsoft.com/docs/services/563879b61984550e40cbbe8d/operations/563879b61984550f30395236"
}
