{
  "RequestName": null,
  "Headers": {},
  "RelativePath": "face/v1.0/detect",
  "Queries": {
    "recognitionModel": "recognition_01",
    "detectionModel": "detection_01"
  },
  "HttpMethod": "POST",
  "Body": null,
  "BinaryContent": "BQ==",
  "ContentType": "application/octet-stream",
  "ExpectedHtppCode": 200,
  "TokenHeaderName": "Ocp-Apim-Subscription-Key",
  "Cost": {
    "ServiceName": "FaceApi",
    "Cost": 1.0,
    "Unit": "tr"
  },
  "CognitiveServiceDoc": "https://westus.dev.cognitive.microsoft.com/docs/services/563879b61984550e40cbbe8d/operations/563879b61984550f30395236"
}
