{
  "Headers": {},
  "RelativePath": "face/v1.0/identify",
  "HttpMethod": "POST",
  "Body": "{\"personGroupId\":\"default\",\"faceIds\":[\"12234324\",\"34534253425\"],\"maxNumOfCandidatesReturned\":1,\"confidenceThreshold\":0.5}",
  "BinaryContent": null,
  "ContentType": "application/json",
  "ExpectedHtppCode": 200,
  "TokenHeaderName": "Ocp-Apim-Subscription-Key",
  "CognitiveServiceDoc": "https://westus.dev.cognitive.microsoft.com/docs/services/563879b61984550e40cbbe8d/operations/563879b61984550f30395239"
}
