{
  "Headers": {},
  "RelativePath": "face/v1.0/persongroups/default",
  "Queries": null,
  "HttpMethod": "POST",
  "Body": "{\"name\":\"Test group 2\",\"recognitionModel\":null,\"userData\":\"imageUrl: image\"}",
  "BinaryContent": null,
  "ContentType": "application/json",
  "ExpectedHtppCode": 200,
  "TokenHeaderName": "Ocp-Apim-Subscription-Key",
  "CognitiveServiceDoc": "https://westus.dev.cognitive.microsoft.com/docs/services/563879b61984550e40cbbe8d/operations/563879b61984550f30395244"
}
