{
  "Headers": {},
  "RelativePath": "face/v1.0/persongroups?returnRecognitionModel=true",
  "HttpMethod": "GET",
  "Body": null,
  "BinaryContent": null,
  "ContentType": "application/json",
  "ExpectedHtppCode": 200,
  "TokenHeaderName": "Ocp-Apim-Subscription-Key",
  "CognitiveServiceDoc": "https://westus.dev.cognitive.microsoft.com/docs/services/563879b61984550e40cbbe8d/operations/563879b61984550f30395248"
}
