{
  "RequestName": null,
  "Headers": {},
  "RelativePath": "face/v1.0/persongroups/default",
  "Queries": null,
  "HttpMethod": "PUT",
  "Body": "{\"name\":\"Test group\",\"recognitionModel\":null,\"userData\":null}",
  "BinaryContent": null,
  "ContentType": "application/json",
  "ExpectedHtppCode": 200,
  "TokenHeaderName": "Ocp-Apim-Subscription-Key",
  "Cost": {
    "ServiceName": "FaceApi",
    "Cost": 1.0,
    "Unit": "tr"
  },
  "CognitiveServiceDoc": "https://westus.dev.cognitive.microsoft.com/docs/services/563879b61984550e40cbbe8d/operations/563879b61984550f30395244",
  "AbsoluteUrl": null
}
